// Jest Snapshot v1, https://goo.gl/fbAQLP

exports[`App Component renders the component 1`] = `ShallowWrapper {}`;

exports[`App Component renders the component 2`] = `ShallowWrapper {}`;
